#! /usr/bin/vvp
:ivl_version "13.0 (stable)" "(v13_0-dirty)";
:ivl_delay_selection "TYPICAL";
:vpi_time_precision + 0;
:vpi_module "/usr/lib/ivl/system.vpi";
:vpi_module "/usr/lib/ivl/vhdl_sys.vpi";
:vpi_module "/usr/lib/ivl/vhdl_textio.vpi";
:vpi_module "/usr/lib/ivl/v2005_math.vpi";
:vpi_module "/usr/lib/ivl/va_math.vpi";
S_0x561d28318c90 .scope module, "twoHalfAddersTest" "twoHalfAddersTest" 2 1;
 .timescale 0 0;
v0x561d28331ff0_0 .var "a", 0 0;
v0x561d283320b0_0 .var "b", 0 0;
v0x561d28332150_0 .net "carry", 0 0, L_0x561d28332700;  1 drivers
v0x561d283321f0_0 .var "cin", 0 0;
v0x561d28332290_0 .net "sum", 0 0, L_0x561d28332500;  1 drivers
S_0x561d28318e20 .scope module, "uut" "twoHalfAdders" 2 4, 3 1 0, S_0x561d28318c90;
 .timescale 0 0;
    .port_info 0 /INPUT 1 "a";
    .port_info 1 /INPUT 1 "b";
    .port_info 2 /INPUT 1 "cin";
    .port_info 3 /OUTPUT 1 "sum";
    .port_info 4 /OUTPUT 1 "carry";
L_0x561d28332380 .functor XOR 1, v0x561d28331ff0_0, v0x561d283320b0_0, C4<0>, C4<0>;
L_0x561d28332490 .functor AND 1, v0x561d28331ff0_0, v0x561d283320b0_0, C4<1>, C4<1>;
L_0x561d28332500 .functor XOR 1, L_0x561d28332380, v0x561d283321f0_0, C4<0>, C4<0>;
L_0x561d28332660 .functor AND 1, L_0x561d28332380, v0x561d283321f0_0, C4<1>, C4<1>;
L_0x561d28332700 .functor OR 1, L_0x561d28332490, L_0x561d28332660, C4<0>, C4<0>;
v0x561d28309ee0_0 .net "a", 0 0, v0x561d28331ff0_0;  1 drivers
v0x561d283319e0_0 .net "b", 0 0, v0x561d283320b0_0;  1 drivers
v0x561d28331aa0_0 .net "carry", 0 0, L_0x561d28332700;  alias, 1 drivers
v0x561d28331b40_0 .net "carry1", 0 0, L_0x561d28332490;  1 drivers
v0x561d28331c00_0 .net "carry2", 0 0, L_0x561d28332660;  1 drivers
v0x561d28331d10_0 .net "cin", 0 0, v0x561d283321f0_0;  1 drivers
v0x561d28331dd0_0 .net "sum", 0 0, L_0x561d28332500;  alias, 1 drivers
v0x561d28331e90_0 .net "sum1", 0 0, L_0x561d28332380;  1 drivers
    .scope S_0x561d28318c90;
T_0 ;
    %pushi/vec4 0, 0, 1;
    %store/vec4 v0x561d28331ff0_0, 0, 1;
    %pushi/vec4 0, 0, 1;
    %store/vec4 v0x561d283320b0_0, 0, 1;
    %pushi/vec4 0, 0, 1;
    %store/vec4 v0x561d283321f0_0, 0, 1;
    %delay 10, 0;
    %pushi/vec4 0, 0, 1;
    %store/vec4 v0x561d28331ff0_0, 0, 1;
    %pushi/vec4 0, 0, 1;
    %store/vec4 v0x561d283320b0_0, 0, 1;
    %pushi/vec4 1, 0, 1;
    %store/vec4 v0x561d283321f0_0, 0, 1;
    %delay 10, 0;
    %pushi/vec4 0, 0, 1;
    %store/vec4 v0x561d28331ff0_0, 0, 1;
    %pushi/vec4 1, 0, 1;
    %store/vec4 v0x561d283320b0_0, 0, 1;
    %pushi/vec4 0, 0, 1;
    %store/vec4 v0x561d283321f0_0, 0, 1;
    %delay 10, 0;
    %pushi/vec4 0, 0, 1;
    %store/vec4 v0x561d28331ff0_0, 0, 1;
    %pushi/vec4 1, 0, 1;
    %store/vec4 v0x561d283320b0_0, 0, 1;
    %pushi/vec4 1, 0, 1;
    %store/vec4 v0x561d283321f0_0, 0, 1;
    %delay 10, 0;
    %pushi/vec4 1, 0, 1;
    %store/vec4 v0x561d28331ff0_0, 0, 1;
    %pushi/vec4 0, 0, 1;
    %store/vec4 v0x561d283320b0_0, 0, 1;
    %pushi/vec4 0, 0, 1;
    %store/vec4 v0x561d283321f0_0, 0, 1;
    %delay 10, 0;
    %pushi/vec4 1, 0, 1;
    %store/vec4 v0x561d28331ff0_0, 0, 1;
    %pushi/vec4 0, 0, 1;
    %store/vec4 v0x561d283320b0_0, 0, 1;
    %pushi/vec4 1, 0, 1;
    %store/vec4 v0x561d283321f0_0, 0, 1;
    %delay 10, 0;
    %pushi/vec4 1, 0, 1;
    %store/vec4 v0x561d28331ff0_0, 0, 1;
    %pushi/vec4 1, 0, 1;
    %store/vec4 v0x561d283320b0_0, 0, 1;
    %pushi/vec4 0, 0, 1;
    %store/vec4 v0x561d283321f0_0, 0, 1;
    %delay 10, 0;
    %pushi/vec4 1, 0, 1;
    %store/vec4 v0x561d28331ff0_0, 0, 1;
    %pushi/vec4 1, 0, 1;
    %store/vec4 v0x561d283320b0_0, 0, 1;
    %pushi/vec4 1, 0, 1;
    %store/vec4 v0x561d283321f0_0, 0, 1;
    %delay 10, 0;
    %vpi_call 2 16 "$finish" {0 0 0};
    %end;
    .thread T_0;
    .scope S_0x561d28318c90;
T_1 ;
    %vpi_call 2 19 "$monitor", "Time=%0d, a=%b, b=%b, cin=%b, carry1=%b, carry2=%b, carry=%b, sum1=%b, sum=%b", $time, v0x561d28331ff0_0, v0x561d283320b0_0, v0x561d283321f0_0, v0x561d28331b40_0, v0x561d28331c00_0, v0x561d28332150_0, v0x561d28331e90_0, v0x561d28332290_0 {0 0 0};
    %end;
    .thread T_1;
    .scope S_0x561d28318c90;
T_2 ;
    %vpi_call 2 22 "$dumpfile", "twoHalfAdders.vcd" {0 0 0};
    %vpi_call 2 23 "$dumpvars", 32'sb00000000000000000000000000000000, S_0x561d28318c90 {0 0 0};
    %end;
    .thread T_2;
# The file index is used to find the file name in the following table.
:file_names 4;
    "N/A";
    "<interactive>";
    "twoHalfAddersTest.v";
    "twoHalfAdders.v";
